[www.pandalive.co.kr/index.html]
[backblue.gif]
[fade.gif]
[index.html]
[icache.neolive.kr/code_pandatv/apple-icon.png]
[icache.neolive.kr/code_pandatv/favicon.ico]
[www.pandalive.co.kr/member/find.html]
[icache.neolive.kr/code_pandatv/event/helper/helper_webmb_right.png]
[www.pandalive.co.kr/launcher/PANDATV.exe]
[www.pandalive.co.kr/policy/index728e.html]
[www.pandalive.co.kr/policy/indexd1bb.html]
[www.pandalive.co.kr/live.html]
[www.pandalive.co.kr/charge/heart.html]
[www.pandalive.co.kr/charge/item.html]
[www.pandalive.co.kr/bbs/notice.html]
[www.pandalive.co.kr/guide/pc.html]
[www.pandalive.co.kr/bbs/event.html]
[www.pandalive.co.kr/member/join.html]
[www.pandalive.co.kr/member/login.html]
[www.pandalive.co.kr/member/adultAuth/index.html]
[www.pandalive.co.kr/bbs/qna.html]
[www.pandalive.co.kr/member/logout.html]
[www.pandalive.co.kr/live/ranking.html]
[www.pandalive.co.kr/guide/mobile.html]
[icache.neolive.kr/code_pandatv/common/icon_more2.png]
[www.pandalive.co.kr/guide/emoticon.html]
[www.pandalive.co.kr/live/index0221.html]
[www.pandalive.co.kr/live/index6a2b.html]
[www.pandalive.co.kr/live/indexafbe.html]
[www.pandalive.co.kr/live/indexb8f8.html]
[dcache.neolive.kr/user/aacb6daaaae1358bf39293460f8a35f97ec3089b/indexd28a.html]
[www.pandalive.co.kr/live/index7e4d.html]
[www.pandalive.co.kr/channel/5861117/notice/index.html]
[dcache.neolive.kr/user/070eabc254fac00658728f84e578a2823676ae36/indexd28a.html]
[www.pandalive.co.kr/channel/990314/notice/index.html]
[dcache.neolive.kr/user/d76815b86a84f08a078afb4bdec1417ed2378f02/indexd28a.html]
[www.pandalive.co.kr/channel/9649319/notice/index.html]
[www.pandalive.co.kr/bbs/notice/info/402841.html]
[www.pandalive.co.kr/channel/4739060/notice/index.html]
[www.pandalive.co.kr/bbs/notice/info/401535.html]
[dcache.neolive.kr/user/3bb5224d47308290e951990cf1305f87afe8f4c5/indexd28a.html]
[www.pandalive.co.kr/bbs/notice/info/395828.html]
[www.pandalive.co.kr/bbs/notice/info/383223.html]
[dcache.neolive.kr/board/b2d28a96d7af0305906c4793ec05bcdad921712b.png]
[www.pandalive.co.kr/bbs/notice/info/379288.html]
[www.pandalive.co.kr/bbs/event/info/401413/index.html]
[dcache.neolive.kr/board/afd6608ba36e3e288daa17c30434bfd3c0073c11.png]
[www.pandalive.co.kr/_!-- IMAGE --_]
[www.pandalive.co.kr/bbs/event/info/287891/index.html]
[www.pandalive.co.kr/index.html]
[www.pandalive.co.kr/bbs/cp/make.html]
[www.pandalive.co.kr/policy/index61df.html]
[www.pandalive.co.kr/member/find6915.html]
[www.pandalive.co.kr/member/find.html]
[www.pandalive.co.kr/member/find1b2e.html]
[www.pandalive.co.kr/policy/index728e.html]
[www.pandalive.co.kr/policy/index48e7.html]
[www.pandalive.co.kr/policy/indexd1bb.html]
[www.pandalive.co.kr/policy/index9f3a.html]
[www.pandalive.co.kr/policy/indexd726.html]
[www.pandalive.co.kr/policy/index8ab4.html]
[www.pandalive.co.kr/policy/index0889.html]
[www.pandalive.co.kr/live.html]
[www.pandalive.co.kr/charge/itemHeart.html]
[icache.neolive.kr/code_pandatv/web/charge/heartNumcnt_img.png]
[icache.neolive.kr/code_pandatv/web/charge/heartcoin_100.png]
[icache.neolive.kr/code_pandatv/web/charge/heartcoin_300.png]
[icache.neolive.kr/code_pandatv/web/charge/heartcoin_500.png]
[icache.neolive.kr/code_pandatv/web/charge/heartcoin_1000.png]
[www.pandalive.co.kr/charge/heart.html]
[icache.neolive.kr/code_pandatv/web/charge/heartcoin_2000.png]
[icache.neolive.kr/code_pandatv/web/charge/qm_heartbuy_ico.png]
[icache.neolive.kr/code_pandatv/web/charge/qm_itembuy_ico.png]
[icache.neolive.kr/code_pandatv/web/charge/icon_beta.png]
[icache.neolive.kr/code_pandatv/web/charge/iconItem_listup.png]
[icache.neolive.kr/code_pandatv/web/charge/iconItem_viewadd.png]
[icache.neolive.kr/code_pandatv/web/charge/iconItem_playup.png]
[icache.neolive.kr/code_pandatv/web/charge/iconItem_firefour.png]
[icache.neolive.kr/code_pandatv/web/charge/iconItem_fanpush.png]
[icache.neolive.kr/code_pandatv/web/charge/iconItem_likepush.png]
[icache.neolive.kr/code_pandatv/web/charge/iconItem_custom.png]
[icache.neolive.kr/code_pandatv/web/charge/iconIteml_pspeak.png]
[icache.neolive.kr/code_pandatv/web/charge/iconIteml_full.png]
[icache.neolive.kr/code_pandatv/web/charge/iconItem_pnick.png]
[icache.neolive.kr/code_pandatv/web/charge/iconItem_effect.png]
[icache.neolive.kr/code_pandatv/web/charge/iconItem_guelive.png]
[icache.neolive.kr/code_pandatv/web/charge/iconItem_plist.png]
[icache.neolive.kr/code_pandatv/web/charge/arr_free.png]
[www.pandalive.co.kr/charge/item2981.html]
[www.pandalive.co.kr/charge/item1f4c.html]
[www.pandalive.co.kr/charge/item7a31.html]
[www.pandalive.co.kr/charge/item4c43.html]
[www.pandalive.co.kr/charge/itemb586.html]
[www.pandalive.co.kr/charge/item4bbf.html]
[www.pandalive.co.kr/charge/item2ff9.html]
[www.pandalive.co.kr/charge/itemce0e.html]
[www.pandalive.co.kr/charge/itemcb91.html]
[www.pandalive.co.kr/charge/item574b.html]
[www.pandalive.co.kr/charge/itemad69.html]
[www.pandalive.co.kr/charge/item23ee.html]
[www.pandalive.co.kr/charge/item.html]
[www.pandalive.co.kr/charge/itemce76.html]
[www.pandalive.co.kr/bbs/faq.html]
[icache.neolive.kr/code_pandatv/web/common/select_arr.png]
[www.pandalive.co.kr/bbs/notice.html]
[www.pandalive.co.kr/bbs/notice/info/401535/index.html]
[www.pandalive.co.kr/bbs/notice/info/402841/index.html]
[icache.neolive.kr/code_pandatv/web/guide/pc_guide1_1_1.png]
[www.pandalive.co.kr/bbs/notice/info/383223/index.html]
[www.pandalive.co.kr/bbs/notice/info/395828/index.html]
[www.pandalive.co.kr/bbs/notice/info/379288/index.html]
[icache.neolive.kr/code_pandatv/web/guide/pc_guide1_1_2.png]
[icache.neolive.kr/code_pandatv/web/guide/pc_guide1_1_3.png]
[www.pandalive.co.kr/bbs/notice/info/379287/index.html]
[icache.neolive.kr/code_pandatv/web/guide/pc_guide1_1_4.png]
[icache.neolive.kr/code_pandatv/web/guide/pc_guide1_1_5.png]
[www.pandalive.co.kr/bbs/notice/info/374878/index.html]
[www.pandalive.co.kr/bbs/notice/info/374665/index.html]
[icache.neolive.kr/code_pandatv/web/guide/pc_guide1_1_6.4e.delayed]
[www.pandalive.co.kr/bbs/notice/info/364606/index.html]
[icache.neolive.kr/code_pandatv/web/guide/pc_guide1_1_7.png]
[www.pandalive.co.kr/bbs/notice/info/364605/index.html]
[icache.neolive.kr/code_pandatv/web/guide/pc_guide1_2_1.png]
[icache.neolive.kr/code_pandatv/web/guide/pc_guide1_2_2.png]
[icache.neolive.kr/code_pandatv/web/guide/pc_guide1_2_3.png]
[icache.neolive.kr/code_pandatv/web/guide/pc_guide1_2_4.png]
[icache.neolive.kr/code_pandatv/web/guide/pc_guide1_2_5.png]
[icache.neolive.kr/code_pandatv/web/guide/pc_guide1_2_6.png]
[icache.neolive.kr/code_pandatv/web/guide/pc_guide1_2_7.png]
[icache.neolive.kr/code_pandatv/web/guide/pc_guide2_1.png]
[icache.neolive.kr/code_pandatv/web/guide/pc_guide2_2.png]
[icache.neolive.kr/code_pandatv/web/guide/pc_guide2_3.png]
[icache.neolive.kr/code_pandatv/web/guide/pc_guide2_4.png]
[icache.neolive.kr/code_pandatv/web/guide/pc_guide2_5.png]
[icache.neolive.kr/code_pandatv/web/guide/pcplay_guide1_1_1.png]
[icache.neolive.kr/code_pandatv/web/guide/pcplay_guide1_1_2.png]
[icache.neolive.kr/code_pandatv/web/guide/pcplay_guide1_1_3.png]
[icache.neolive.kr/code_pandatv/web/guide/pcplay_guide1_2_1.png]
[icache.neolive.kr/code_pandatv/web/guide/pcplay_guide1_2_2.png]
[icache.neolive.kr/code_pandatv/web/guide/pcplay_guide1_3_1.png]
[icache.neolive.kr/code_pandatv/web/guide/pc_guide3_1b73c.png]
[icache.neolive.kr/code_pandatv/web/guide/pc_guide3_2b73c.png]
[icache.neolive.kr/code_pandatv/web/guide/pc_guide3_3b73c.png]
[icache.neolive.kr/code_pandatv/web/guide/pc_guide3_4b73c.png]
[icache.neolive.kr/code_pandatv/web/guide/pc_guide3_5b73c.png]
[icache.neolive.kr/code_pandatv/web/guide/pc_guide3_6b73c.png]
[icache.neolive.kr/code_pandatv/web/guide/pc_guide3_7b73c.png]
[icache.neolive.kr/code_pandatv/web/guide/pc_guide3_9b73c.png]
[icache.neolive.kr/code_pandatv/web/guide/pc_guide3_10b73c.png]
[icache.neolive.kr/code_pandatv/web/guide/pc_guide3_11b73c.png]
[icache.neolive.kr/code_pandatv/web/guide/pc_guide3_13b73c.png]
[icache.neolive.kr/code_pandatv/web/guide/pc_guide3_14b73c.png]
[icache.neolive.kr/code_pandatv/web/guide/pc_guide3_16b73c.png]
[icache.neolive.kr/code_pandatv/web/guide/pc_guide4_1b73c.png]
[icache.neolive.kr/code_pandatv/web/guide/pc_guide4_2b73c.png]
[icache.neolive.kr/code_pandatv/web/guide/pc_guide4_4b73c.png]
[icache.neolive.kr/code_pandatv/web/guide/pc_guide4_5b73c.png]
[icache.neolive.kr/code_pandatv/web/guide/pc_guide4_6b73c.png]
[www.pandalive.co.kr/guide/pc.html]
[www.pandalive.co.kr/bbs/event877a.html]
[dcache.neolive.kr/board/23cecb499f24b9b42892b3a9bbb08e0c5291591c.png]
[www.pandalive.co.kr/bbs/event.html]
[www.pandalive.co.kr/member/join.html]
[www.pandalive.co.kr/member/login.html]
[icache.neolive.kr/code_pandatv/web/member/login_logo.png]
[icache.neolive.kr/code_pandatv/web/member/phone.png]
[icache.neolive.kr/code_pandatv/web/member/ipin.png]
[www.pandalive.co.kr/member/adultAuth/adult_icon.html]
[www.pandalive.co.kr/member/adultAuth/index.html]
[www.pandalive.co.kr/bbs/qna.html]
[www.pandalive.co.kr/member/logout.html]
[icache.neolive.kr/code_pandatv/web/member/card.png]
[www.pandalive.co.kr/live/_!-- THUMB --_]
[icache.neolive.kr/code_pandatv/web/rank/view_ic.png]
[icache.neolive.kr/code_pandatv/web/rank/heart_ic.png]
[icache.neolive.kr/code_pandatv/web/rank/up_ic.png]
[icache.neolive.kr/code_pandatv/web/rank/gift_ic.png]
[icache.neolive.kr/code_pandatv/web/rank/_!-- Bookmark_ONOFF --_]
[icache.neolive.kr/code_pandatv/web/rank/message_ic.png]
[www.pandalive.co.kr/live/ranking.html]
[icache.neolive.kr/code_pandatv/web/guide/app_guide4_1.png]
[icache.neolive.kr/code_pandatv/web/guide/app_guide4_2.png]
[icache.neolive.kr/code_pandatv/web/guide/app_guide4_3.png]
[icache.neolive.kr/code_pandatv/web/guide/app_guide5_1.png]
[icache.neolive.kr/code_pandatv/web/guide/app_guide5_2.png]
[icache.neolive.kr/code_pandatv/web/guide/app_guide5_3.png]
[icache.neolive.kr/code_pandatv/web/guide/appplay_guide1_1_1.png]
[icache.neolive.kr/code_pandatv/web/guide/appplay_guide1_1_2.png]
[icache.neolive.kr/code_pandatv/web/guide/appplay_guide1_2_1.png]
[icache.neolive.kr/code_pandatv/web/guide/appplay_guide1_2_2.png]
[www.pandalive.co.kr/guide/mobile.html]
[icache.neolive.kr/code_pandatv/web/guide/appplay_guide1_3_1.png]
[icache.neolive.kr/code_pandatv/web/channel/heart_count_ico.png]
[www.pandalive.co.kr/guide/emoticon37f2.html]
[dcache.neolive.kr/heart/w/149d2.png]
[www.pandalive.co.kr/guide/emoticon84b4.html]
[dcache.neolive.kr/heart/w/240ac.png]
[dcache.neolive.kr/heart/w/36d41.png]
[dcache.neolive.kr/heart/w/499b0.png]
[dcache.neolive.kr/heart/w/72610.png]
[dcache.neolive.kr/heart/w/8ab14.png]
[dcache.neolive.kr/heart/w/91bb7.png]
[dcache.neolive.kr/heart/w/10f4cd.png]
[dcache.neolive.kr/heart/w/11bcec.png]
[dcache.neolive.kr/heart/w/12b7ab.png]
[dcache.neolive.kr/heart/w/13ff44.png]
[dcache.neolive.kr/heart/w/142d28.png]
[dcache.neolive.kr/heart/w/15c84e.png]
[dcache.neolive.kr/heart/w/188d76.png]
[dcache.neolive.kr/heart/w/1960e6.png]
[dcache.neolive.kr/heart/w/20d55c.png]
[dcache.neolive.kr/heart/w/21bdd9.png]
[dcache.neolive.kr/heart/w/22cd7e.png]
[www.pandalive.co.kr/guide/emoticon.html]
[www.pandalive.co.kr/live/_!-- IMAGE --_.a9.delayed]
[www.pandalive.co.kr/live/index0221.html]
[www.pandalive.co.kr/live/index6a2b.html]
[www.pandalive.co.kr/live/indexafbe.html]
[www.pandalive.co.kr/live/indexb8f8.html]
[www.pandalive.co.kr/live/index7e4d.html]
[icache.neolive.kr/code_pandatv/web/channel/logo.png]
[dcache.neolive.kr/user/aacb6daaaae1358bf39293460f8a35f97ec3089b.jpg]
[icache.neolive.kr/code_pandatv/common/bn_send_message_on.png]
[icache.neolive.kr/code_pandatv/web/channel/coupon_bar.png]
[www.pandalive.co.kr/channel/5861117/fanRanking.html]
[dcache.neolive.kr/board/a1a1f4d102a75d37fa49387940b02d692ca464e0.jpg]
[www.pandalive.co.kr/channel/5861117/fanGrade/index.html]
[dcache.neolive.kr/board/79e6662b99585611082e95e07c905169476565eb.jpg]
[dcache.neolive.kr/board/e2bff7a62c96a8a4df2d90fcacc9297292a513b4.jpg]
[www.pandalive.co.kr/channel/5861117/notice/index.html]
[dcache.neolive.kr/user/070eabc254fac00658728f84e578a2823676ae36.jpg]
[www.pandalive.co.kr/channel/990314/notice/index.html]
[www.pandalive.co.kr/channel/990314/fanRanking.html]
[www.pandalive.co.kr/channel/990314/fanGrade/index.html]
[dcache.neolive.kr/user/d76815b86a84f08a078afb4bdec1417ed2378f02.jpg]
[www.pandalive.co.kr/channel/9649319/notice/index.html]
[www.pandalive.co.kr/channel/9649319/fanRanking.html]
[www.pandalive.co.kr/channel/9649319/fanGrade/index.html]
[dcache.neolive.kr/user/3bb5224d47308290e951990cf1305f87afe8f4c5.jpg]
[www.pandalive.co.kr/channel/4739060/fanRanking.html]
[dcache.neolive.kr/board/d1779a247e82ff96cae9c5f8a2c2020cea9e812d.jpg]
[www.pandalive.co.kr/channel/4739060/fanGrade/index.html]
[dcache.neolive.kr/board/f9ca6d33b13e9bac6ef455c55702c7865000046e.jpg]
[dcache.neolive.kr/board/192cab977ae80d4b4577713fc3ceff4d63f12d88.png]
[dcache.neolive.kr/board/19fe516c0cc20cd23fa56b8a3b9be5691a907f91.png]
[dcache.neolive.kr/board/4d5f80e0cc712cc16246240640aaacd9d936d3af.jpg]
[dcache.neolive.kr/board/b7838b7f79af989766557b969d7a753c889ad8c0.jpg]
[dcache.neolive.kr/board/145c6916a58ac0811f163aafc917290ca99b6b79.png]
[www.pandalive.co.kr/channel/4739060/notice/index.html]
[onestore.co.kr/userpoc/apps/viewa0c3.html]
[www.pandalive.co.kr/bbs/notice/info/402841.html]
[data.full.co.kr/board/83607d2fedae38681a80e957ef14f4573c966e21_1080_0.jpg]
[www.pandalive.co.kr/bbs/notice/info/401535.html]
[data.full.co.kr/board/1e8adcfdd3a3a2c9a3010fa274ceea7736a49024_1080_0.png]
[www.pandalive.co.kr/bbs/notice/info/395828.html]
[www.pandalive.co.kr/bbs/notice/info/383223.html]
[www.pandalive.co.kr/bbs/notice/info/379288.html]
[www.pandalive.co.kr/eventFrame/bjRankEvent1912.html]
[www.pandalive.co.kr/bbs/event/info/401413/index.html]
[dcache.neolive.kr/board/007a24930289ce1313263e83fee7c3cada5de2ee.jpg]
[www.pandalive.co.kr/bbs/event/info/287891/index.html]
[www.pandalive.co.kr/_!-- IMAGE --_.html]
[www.pandalive.co.kr/policy/index61df.html]
[www.pandalive.co.kr/policy/index48e7.html]
[www.pandalive.co.kr/policy/index9f3a.html]
[www.pandalive.co.kr/policy/indexd726.html]
[www.pandalive.co.kr/policy/index8ab4.html]
[www.pandalive.co.kr/policy/index0889.html]
[www.pandalive.co.kr/bbs/cp/make.html]
[www.pandalive.co.kr/member/find6915.html]
[www.pandalive.co.kr/member/find1b2e.html]
[icache.neolive.kr/code_pandatv/common/item/onceCoin/onceCoin282.gif]
[icache.neolive.kr/code_pandatv/common/item/onceCoin/onceCoin282_cover.png]
[icache.neolive.kr/code_pandatv/common/item/onceCoin/onceCoin486.gif]
[icache.neolive.kr/code_pandatv/common/item/onceCoin/onceCoin486_cover.png]
[icache.neolive.kr/code_pandatv/common/item/onceCoin/onceCoin1000.gif]
[icache.neolive.kr/code_pandatv/common/item/onceCoin/onceCoin1000_cover.png]
[icache.neolive.kr/code_pandatv/common/item/onceCoin/onceCoin2000.gif]
[icache.neolive.kr/code_pandatv/common/item/onceCoin/onceCoin2000_cover.png]
[icache.neolive.kr/code_pandatv/common/item/onceCoin/onceCoin2828_cover.png]
[icache.neolive.kr/code_pandatv/common/item/onceCoin/onceCoin3000_cover.png]
[icache.neolive.kr/code_pandatv/common/item/onceCoin/onceCoin5000_cover.png]
[icache.neolive.kr/code_pandatv/common/item/onceCoin/onceCoin10000.gif]
[www.pandalive.co.kr/charge/itemHeart.html]
[www.pandalive.co.kr/charge/item2981.html]
[www.pandalive.co.kr/charge/item1f4c.html]
[icache.neolive.kr/code_pandatv/web/charge/comingsoon.png]
[www.pandalive.co.kr/charge/item7a31.html]
[www.pandalive.co.kr/charge/item4c43.html]
[www.pandalive.co.kr/charge/itemb586.html]
[www.pandalive.co.kr/charge/item4bbf.html]
[icache.neolive.kr/code_pandatv/common/item/preview/list_Decostyle_01.png]
[icache.neolive.kr/code_pandatv/common/item/preview/list_Decostyle_02.png]
[icache.neolive.kr/code_pandatv/common/item/preview/list_Decostyle_03.png]
[icache.neolive.kr/code_pandatv/common/item/preview/list_Decostyle_04.png]
[icache.neolive.kr/code_pandatv/common/item/preview/list_Decostyle_05.png]
[icache.neolive.kr/code_pandatv/common/item/preview/list_Decostyle_06.png]
[www.pandalive.co.kr/charge/item2ff9.html]
[www.pandalive.co.kr/charge/itemce0e.html]
[www.pandalive.co.kr/charge/itemcb91.html]
[www.pandalive.co.kr/charge/item574b.html]
[icache.neolive.kr/code_pandatv/common/item/preview/nick_Basicstyle_01.png]
[icache.neolive.kr/code_pandatv/common/item/preview/nick_Basicstyle_02.png]
[icache.neolive.kr/code_pandatv/common/item/preview/nick_Basicstyle_03.png]
[icache.neolive.kr/code_pandatv/common/item/preview/nick_Basicstyle_04.png]
[icache.neolive.kr/code_pandatv/common/item/preview/nick_Basicstyle_05.png]
[icache.neolive.kr/code_pandatv/common/item/preview/nick_Basicstyle_06.png]
[icache.neolive.kr/code_pandatv/common/item/preview/nick_Basicstyle_07.png]
[icache.neolive.kr/code_pandatv/common/item/preview/nick_Basicstyle_08.png]
[icache.neolive.kr/code_pandatv/common/item/preview/nick_Basicstyle_09.png]
[icache.neolive.kr/code_pandatv/common/item/preview/nick_Basicstyle_10.png]
[icache.neolive.kr/code_pandatv/common/item/preview/nick_Basicstyle_11.png]
[icache.neolive.kr/code_pandatv/common/item/preview/nick_Basicstyle_12.png]
[icache.neolive.kr/code_pandatv/common/item/preview/nick_Basicstyle_13.png]
[icache.neolive.kr/code_pandatv/common/item/preview/nick_Basicstyle_14.png]
[icache.neolive.kr/code_pandatv/common/item/preview/nick_Basicstyle_15.png]
[icache.neolive.kr/code_pandatv/common/item/preview/nick_Basicstyle_16.png]
[icache.neolive.kr/code_pandatv/common/item/preview/nick_Basicstyle_17.png]
[icache.neolive.kr/code_pandatv/common/item/preview/nick_Basicstyle_18.png]
[icache.neolive.kr/code_pandatv/common/item/preview/nick_Iconstyle_01.png]
[icache.neolive.kr/code_pandatv/common/item/preview/nick_Iconstyle_02.png]
[icache.neolive.kr/code_pandatv/common/item/preview/nick_Iconstyle_03.png]
[icache.neolive.kr/code_pandatv/common/item/preview/nick_Iconstyle_04.png]
[icache.neolive.kr/code_pandatv/common/item/preview/nick_Iconstyle_05.png]
[icache.neolive.kr/code_pandatv/common/item/preview/nick_Iconstyle_06.png]
[icache.neolive.kr/code_pandatv/common/item/preview/nick_Iconstyle_07.png]
[icache.neolive.kr/code_pandatv/common/item/preview/nick_Iconstyle_08.png]
[icache.neolive.kr/code_pandatv/common/item/preview/nick_Iconstyle_09.png]
[icache.neolive.kr/code_pandatv/common/item/preview/nick_Iconstyle_10.png]
[icache.neolive.kr/code_pandatv/common/item/preview/nick_Iconstyle_11.png]
[icache.neolive.kr/code_pandatv/common/item/preview/nick_Iconstyle_12.png]
[icache.neolive.kr/code_pandatv/common/item/preview/nick_Iconstyle_13.png]
[icache.neolive.kr/code_pandatv/common/item/preview/nick_Iconstyle_14.png]
[icache.neolive.kr/code_pandatv/common/item/preview/nick_Iconstyle_15.png]
[icache.neolive.kr/code_pandatv/common/item/preview/nick_Iconstyle_16.png]
[icache.neolive.kr/code_pandatv/common/item/preview/nick_Iconstyle_17.png]
[www.pandalive.co.kr/charge/itemad69.html]
[www.pandalive.co.kr/charge/item23ee.html]
[www.pandalive.co.kr/charge/itemce76.html]
[icache.neolive.kr/code_pandatv/common/item/preview/nick_Iconstyle_18.png]
[www.pandalive.co.kr/bbs/faq.html]
[www.pandalive.co.kr/bbs/faq3f43.html]
[www.pandalive.co.kr/bbs/notice/info/402841/index.html]
[www.pandalive.co.kr/bbs/faq/info/364615/index.html]
[www.pandalive.co.kr/bbs/notice/info/401535/index.html]
[www.pandalive.co.kr/bbs/faq/info/364616/index.html]
[www.pandalive.co.kr/bbs/notice/info/395828/index.html]
[www.pandalive.co.kr/bbs/faq/info/364614/index.html]
[www.pandalive.co.kr/bbs/notice/info/383223/index.html]
[www.pandalive.co.kr/bbs/notice/info/379288/index.html]
[www.pandalive.co.kr/bbs/notice/info/379287/index.html]
[www.pandalive.co.kr/bbs/faq/info/364612/index.html]
[www.pandalive.co.kr/bbs/notice/info/374878/index.html]
[www.pandalive.co.kr/bbs/notice/info/374665/index.html]
[www.pandalive.co.kr/bbs/notice/info/364606/index.html]
[www.pandalive.co.kr/bbs/notice/info/364605/index.html]
[data.full.co.kr/board/1e7467da932188c61329a0f595648cb4c5844f1e_1080_0.jpg]
[www.pandalive.co.kr/bbs/faq/info/364613/index.html]
[dcache.neolive.kr/board/69d2020224671bb516309ef631a7c4019beaafc7.png]
[www.pandalive.co.kr/bbs/event/info/383331/index.html]
[dcache.neolive.kr/board/1a4e3fa6be9f7188d3ac79655e664043564874d7.png]
[www.pandalive.co.kr/bbs/event877a.html]
[www.pandalive.co.kr/live/_!-- THUMB --_.html]
[icache.neolive.kr/code_pandatv/web/rank/_!-- Bookmark_ONOFF --_.html]
[www.pandalive.co.kr/guide/emoticon37f2.html]
[www.pandalive.co.kr/guide/emoticon84b4.html]
[dcache.neolive.kr/heart/w/53ee7]
[dcache.neolive.kr/heart/w/67e17]
[www.pandalive.co.kr/live/_!-- IMAGE --_.html]
[www.pandalive.co.kr/channel/5861117/fanRankinga5dc.html]
[www.pandalive.co.kr/channel/5861117/fanRanking.html]
[www.pandalive.co.kr/channel/5861117/fanGrade/index.html]
[www.pandalive.co.kr/channel/5861117/fanRanking/index.html]
[www.pandalive.co.kr/channel/990314/fanRankinga5dc.html]
[www.pandalive.co.kr/channel/990314/fanRanking.html]
[www.pandalive.co.kr/channel/990314/fanGrade/index.html]
[www.pandalive.co.kr/channel/990314/fanRanking/index.html]
[dcache.neolive.kr/board/8d858a131bc449e27436ecddaf459843c671879a]
[www.pandalive.co.kr/channel/9649319/fanRankinga5dc.html]
[www.pandalive.co.kr/channel/9649319/fanRanking.html]
[www.pandalive.co.kr/channel/9649319/fanRanking/index.html]
[www.pandalive.co.kr/channel/9649319/fanGrade/index.html]
[dcache.neolive.kr/board/f20ebd470bc27e78515b8283f182d1882beb7a8d]
[www.pandalive.co.kr/channel/4739060/fanRankinga5dc.html]
[www.pandalive.co.kr/channel/4739060/fanRanking.html]
[www.pandalive.co.kr/channel/4739060/fanGrade/index.html]
[www.pandalive.co.kr/channel/4739060/fanRanking/index.html]
[dcache.neolive.kr/board/d1779a247e82ff96cae9c5f8a2c2020cea9e812d.jpg]
[dcache.neolive.kr/board/f7e252a771b31643a7deafa50d848ef79e04f542]
[dcache.neolive.kr/board/23756c73d98ca56dc0ccbdc9982e5b06ed746ac9]
[dcache.neolive.kr/board/b7838b7f79af989766557b969d7a753c889ad8c0.jpg]
[dcache.neolive.kr/board/145c6916a58ac0811f163aafc917290ca99b6b79.png]
[img.onestore.co.kr/thumbnails/img_sac/300_300_F10_95/data6/android/201910/30/SE201905231141386710042762/0000740952/img/original/0000740952_DP000101_20191030141756.jpg]
[onestore.co.kr/userpoc/resources/favicon.ico]
[onestore.co.kr/userpoc/resources/js/jquery-1.7.2.min.js]
[onestore.co.kr/userpoc/resources/js/jquery.easing.1.3.js]
[onestore.co.kr/userpoc/resources/js/jquery.easing.compatibility.js]
[onestore.co.kr/userpoc/resources/js/jquery.event.drag-1.5.min.js]
[onestore.co.kr/userpoc/resources/js/jquery.touchSlider2.js]
[onestore.co.kr/userpoc/resources/js/jquery.touchSlider.js]
[onestore.co.kr/userpoc/resources/js/design.js]
[onestore.co.kr/userpoc/resources/js/common/user_common.js]
[onestore.co.kr/userpoc/resources/js/common/jquery.smartPop.js]
[onestore.co.kr/userpoc/resources/js/jquery.jscrollpane.min.js]
[onestore.co.kr/userpoc/resources/js/jquery.mousewheel.js]
[onestore.co.kr/userpoc/resources/img/common/title_onestore.png]
[onestore.co.kr/userpoc/resources/img/common/gnb01_off.png]
[onestore.co.kr/userpoc/resources/img/common/gnb02_off.png]
[onestore.co.kr/userpoc/resources/img/common/gnb03_off.png]
[onestore.co.kr/userpoc/resources/img/common/gnb04_off.png]
[onestore.co.kr/userpoc/resources/img/common/gnb05_off.png]
[onestore.co.kr/userpoc/resources/img/common/gnb06_off.png]
[onestore.co.kr/userpoc/resources/img/common/gnb09_off.png]
[onestore.co.kr/userpoc/resources/img/temp/bnn_appinst.gif]
[onestore.co.kr/userpoc/resources/img/common/gnb_sns_01_off.png]
[onestore.co.kr/userpoc/resources/img/common/gnb_sns_02_off.png]
[onestore.co.kr/userpoc/resources/img/common/gnb_sns_03_off.png]
[onestore.co.kr/userpoc/resources/img/common/gnb02_on.png]
[onestore.co.kr/userpoc/resources/img/common/h2_app.png]
[onestore.co.kr/userpoc/apps/GET]
[onestore.co.kr/userpoc/resources/img/common/btn/btn_retrieve01.png]
[onestore.co.kr/userpoc/resources/img/common/btn/btn_search.gif]
[onestore.co.kr/userpoc/resources/img/common/btn/btn_close02.gif]
[onestore.co.kr/userpoc/resources/img/common/curve_tl.png]
[onestore.co.kr/userpoc/resources/img/common/curve_tr2.png]
[onestore.co.kr/userpoc/resources/img/common/btn/btn_viewapp_off.png]
[onestore.co.kr/userpoc/resources/img/common/btn/icon_open_arrow_off.png]
[onestore.co.kr/userpoc/resources/img/common/btn/icon_close_arrow_off.png]
[img.onestore.co.kr/thumbnails/img_sac/0_423_F20_95/data6/android/201910/30/SE201905231141386710042762/0000740952/img/preview/0000740952_DP000103_20191030141832.jpg]
[img.onestore.co.kr/thumbnails/img_sac/0_423_F20_95/data6/android/201910/30/SE201905231141386710042762/0000740952/img/preview/0000740952_DP000104_20191030141842.jpg]
[img.onestore.co.kr/thumbnails/img_sac/0_423_F20_95/data6/android/201910/30/SE201905231141386710042762/0000740952/img/preview/0000740952_DP000105_20191030141850.jpg]
[img.onestore.co.kr/thumbnails/img_sac/0_423_F20_95/data6/android/201910/30/SE201905231141386710042762/0000740952/img/preview/0000740952_DP000106_20191030141856.jpg]
[img.onestore.co.kr/thumbnails/img_sac/0_423_F20_95/data6/android/201910/30/SE201905231141386710042762/0000740952/img/preview/0000740952_DP0001C1_20191030141903.jpg]
[img.onestore.co.kr/thumbnails/img_sac/450_800_F10_95/data6/android/201910/30/SE201905231141386710042762/0000740952/img/preview/0000740952_DP000103_20191030141832.jpg]
[onestore.co.kr/userpoc/resources/img/popup/btn_closepop.gif]
[img.onestore.co.kr/thumbnails/img_sac/450_800_F10_95/data6/android/201910/30/SE201905231141386710042762/0000740952/img/preview/0000740952_DP000104_20191030141842.jpg]
[img.onestore.co.kr/thumbnails/img_sac/450_800_F10_95/data6/android/201910/30/SE201905231141386710042762/0000740952/img/preview/0000740952_DP000105_20191030141850.jpg]
[img.onestore.co.kr/thumbnails/img_sac/450_800_F10_95/data6/android/201910/30/SE201905231141386710042762/0000740952/img/preview/0000740952_DP000106_20191030141856.jpg]
[img.onestore.co.kr/thumbnails/img_sac/450_800_F10_95/data6/android/201910/30/SE201905231141386710042762/0000740952/img/preview/0000740952_DP0001C1_20191030141903.jpg]
[onestore.co.kr/userpoc/resources/img/popup/btn_prevPop.png]
[onestore.co.kr/userpoc/resources/img/popup/btn_nextPop.png]
[onestore.co.kr/userpoc/resources/img/common/curve_tr.png]
[onestore.co.kr/userpoc/resources/img/common/curve_bl.png]
[onestore.co.kr/userpoc/resources/img/common/curve_br.png]
[onestore.co.kr/userpoc/resources/img/txt_detail01.png]
[onestore.co.kr/userpoc/resources/js/jsrender.js]
[onestore.co.kr/userpoc/resources/js/common/paging.js]
[onestore.co.kr/userpoc/resources/img/txt_detail02.png]
[onestore.co.kr/userpoc/resources/img/txt_value.png]
[onestore.co.kr/userpoc/resources/img/txt_detail03.png]
[img.onestore.co.kr/thumbnails/img_sac/80_80_F10_95/data6/android/201910/31/SE201606231235026850010717/0000744081/img/original/0000744081_DP000101_20191031185729.png]
[img.onestore.co.kr/thumbnails/img_sac/80_80_F10_95/data6/android/201906/07/SE201906051134332240043403/0000740953/img/original/0000740953_DP000101_20190607180906.png]
[img.onestore.co.kr/thumbnails/img_sac/80_80_F10_95/data6/android/201912/02/IF1423094116420100603184001/0000744648/img/original/0000744648_DP000101_20191202134722.png]
[img.onestore.co.kr/thumbnails/img_sac/80_80_F10_95/data6/android/201910/30/SE201906171256101520043931/0000741103/img/original/0000741103_DP000101_20191030165954.png]
[img.onestore.co.kr/thumbnails/img_sac/80_80_F10_95/data6/android/201911/18/SE201911151809546710049103/0000744418/img/original/0000744418_DP000101_20191118183924.png]
[img.onestore.co.kr/thumbnails/img_sac/80_80_F10_95/data6/android/201905/23/SE201905231141386710042762/0000740634/img/original/0000740634_DP000101_20190523154906.png]
[img.onestore.co.kr/thumbnails/img_sac/80_80_F10_95/data6/android/201909/02/SE201703070914304670014470/0000742730/img/original/0000742730_DP000101_20190902140121.png]
[img.onestore.co.kr/thumbnails/img_sac/80_80_F10_95/data6/android/201802/28/IF1423425136920121018153458/0000308985/img/original/0000308985_DP000101_20180228123314.png]
[img.onestore.co.kr/thumbnails/img_sac/80_80_F10_95/data6/android/201911/01/SE201906051134332240043403/0000744086/img/original/0000744086_DP000101_20191101134714.png]
[img.onestore.co.kr/thumbnails/img_sac/80_80_F10_95/data6/android/201911/28/SE201911271504089750049480/0000744586/img/original/0000744586_DP000101_20191128112403.png]
[img.onestore.co.kr/thumbnails/img_sac/80_80_F10_95/data6/android/201801/24/SE201503251130440520005406/0000685893/img/original/0000685893_DP000101_20180124134150.png]
[img.onestore.co.kr/thumbnails/img_sac/80_80_F10_95/data6/android/201910/29/SE201703070914304670014470/0000743931/img/original/0000743931_DP000101_20191029154756.png]
[img.onestore.co.kr/thumbnails/img_sac/80_80_F10_95/data6/android/201707/12/IF1423501575120130910190754/0000676388/img/original/0000676388_DP000101_20170712155515.png]
[img.onestore.co.kr/thumbnails/img_sac/80_80_F10_95/data6/android/201707/19/IF1423321300420110209095516/0000691908/img/original/0000691908_DP000101_20170719180346.png]
[img.onestore.co.kr/thumbnails/img_sac/80_80_F10_95/data6/android/201911/08/SE201901232157497880037714/0000744256/img/original/0000744256_DP000101_20191108155039.png]
[onestore.co.kr/userpoc/resources/img/common/btn/btn_rollprev2_off.png]
[onestore.co.kr/userpoc/resources/img/common/btn/btn_rollnext2_off.png]
[onestore.co.kr/userpoc/resources/img/txt_detail04.png]
[onestore.co.kr/userpoc/resources/img/common/icon/icon_adult.png]
[img.onestore.co.kr/thumbnails/img_sac/80_80_F10_95/data6/android/201910/17/SE201909031934225080047654/0000743373/img/original/0000743373_DP000101_20191017181952.png]
[img.onestore.co.kr/thumbnails/img_sac/80_80_F10_95/data6/android/201910/29/SE201902131733532360038473/0000743943/img/original/0000743943_DP000101_20191029171613.png]
[img.onestore.co.kr/thumbnails/img_sac/80_80_F10_95/data6/android/201908/12/SE201504131915026060005772/0000742378/img/original/0000742378_DP000101_20190812140817.png]
[img.onestore.co.kr/thumbnails/img_sac/80_80_F10_95/data6/android/201706/27/IF1423117688020100715104751/0000688499/img/original/0000688499_DP000101_20170627110317.png]
[img.onestore.co.kr/thumbnails/img_sac/80_80_F10_95/data6/android/201912/02/IF1423094116420100603184001/0000744650/img/original/0000744650_DP000101_20191202135716.png]
[img.onestore.co.kr/thumbnails/img_sac/80_80_F10_95/data6/android/201911/19/SE201901281727337890037874/0000744431/img/original/0000744431_DP000101_20191119151428.png]
[img.onestore.co.kr/thumbnails/img_sac/80_80_F10_95/data6/android/201802/08/IF1423159009520120711174523/0000296183/img/original/0000296183_DP000101_20180208223443.png]
[img.onestore.co.kr/thumbnails/img_sac/80_80_F10_95/data6/android/201909/18/IF1423499023920130527100323/0000741215/img/original/0000741215_DP000101_20190918093420.png]
[onestore.co.kr/userpoc/resources/img/txt_detail05.png]
[img.onestore.co.kr/thumbnails/img_sac/80_80_F10_95/data6/android/201905/23/SE201905231141386710042762/0000740635/img/original/0000740635_DP000101_20190523162238.png]
[onestore.co.kr/userpoc/resources/img/common/mask182x182.png]
[img.onestore.co.kr/thumbnails/img_sac/182_182_F10_95/data6/android/201910/30/SE201905231141386710042762/0000740952/img/original/0000740952_DP000101_20191030141756.png]
[onestore.co.kr/userpoc/resources/img/number_3.png]
[onestore.co.kr/userpoc/resources/img/number_dot.png]
[onestore.co.kr/userpoc/resources/img/number_9.png]
[onestore.co.kr/userpoc/resources/img/common/foot_nav01_off.png]
[onestore.co.kr/userpoc/resources/img/common/foot_nav02_off.png]
[onestore.co.kr/userpoc/resources/img/common/foot_nav03_off.png]
[onestore.co.kr/userpoc/resources/img/common/foot_nav06_off.png]
[onestore.co.kr/userpoc/resources/img/common/foot_nav04_off.png]
[onestore.co.kr/userpoc/resources/img/common/foot_nav07_off.png]
[onestore.co.kr/userpoc/resources/img/common/foot_copy.png]
[www.google-analytics.com/analytics.js]
[onestore.co.kr/userpoc/apps/viewa0c3.html]
[icache.neolive.kr/code_pandatv/event/bjRankEvent1912/rank_top.png]
[icache.neolive.kr/code_pandatv/event/bjRankEvent1912/rank_all_mid1.png]
[icache.neolive.kr/code_pandatv/event/bjRankEvent1912/rank_all_mid2.png]
[icache.neolive.kr/code_pandatv/event/bjRankEvent1912/rank_all_mid3.png]
[icache.neolive.kr/code_pandatv/event/bjRankEvent1912/icon_rank1.png]
[icache.neolive.kr/code_pandatv/event/bjRankEvent1912/icon_rank2.png]
[icache.neolive.kr/code_pandatv/event/bjRankEvent1912/icon_rank3.png]
[icache.neolive.kr/code_pandatv/event/bjRankEvent1912/rank_all_btm.png]
[icache.neolive.kr/code_pandatv/event/bjRankEvent1912/rank_view_mid1.png]
[icache.neolive.kr/code_pandatv/event/bjRankEvent1912/rank_view_mid2.png]
[icache.neolive.kr/code_pandatv/event/bjRankEvent1912/rank_view_btm.png]
[www.pandalive.co.kr/eventFrame/bjRankEvent1912.html]
[www.pandalive.co.kr/bbs/faq3f43.html]
[www.pandalive.co.kr/bbs/faq/info/364611/index.html]
[www.pandalive.co.kr/bbs/faq/info/364616/_!-- THUMB_IMAGE --_.html]
[www.pandalive.co.kr/bbs/faq/info/364616/index.html]
[www.pandalive.co.kr/bbs/faq/info/364610/index.html]
[www.pandalive.co.kr/bbs/faq/info/364609/index.html]
[www.pandalive.co.kr/bbs/faq/info/364615/index.html]
[www.pandalive.co.kr/bbs/faq/info/364600/index.html]
[www.pandalive.co.kr/bbs/faq/info/364615/_!-- THUMB_IMAGE --_.html]
[www.pandalive.co.kr/bbs/faq/info/364614/index.html]
[www.pandalive.co.kr/bbs/faq/info/364614/_!-- THUMB_IMAGE --_.html]
[www.pandalive.co.kr/bbs/faq/info/364599/index.html]
[www.pandalive.co.kr/bbs/faq/info/364613/index.html]
[www.pandalive.co.kr/bbs/faq/info/364612/index.html]
[www.pandalive.co.kr/bbs/faq/info/364613/_!-- THUMB_IMAGE --_.html]
[www.pandalive.co.kr/bbs/faq/info/364612/_!-- THUMB_IMAGE --_.html]
[www.pandalive.co.kr/bbs/event/info/383331/index.html]
[www.pandalive.co.kr/channel/5861117/fanRanking/index.html]
[www.pandalive.co.kr/channel/5861117/fanRankinga5dc.html]
[www.pandalive.co.kr/channel/990314/fanRanking/index.html]
[www.pandalive.co.kr/channel/990314/fanRankinga5dc.html]
[www.pandalive.co.kr/channel/9649319/fanRanking/index.html]
[www.pandalive.co.kr/channel/9649319/fanRankinga5dc.html]
[www.pandalive.co.kr/channel/4739060/fanRanking/index.html]
[www.pandalive.co.kr/channel/4739060/fanRankinga5dc.html]
[www.pandalive.co.kr/eventFrame/bjRankEvent1911_Result.html]
[dcache.neolive.kr/board/c36a4cba7685db2545c42f3ad515e87cc5ce7ee3]
[dcache.neolive.kr/board/d1779a247e82ff96cae9c5f8a2c2020cea9e812d.jpg]
[dcache.neolive.kr/board/23756c73d98ca56dc0ccbdc9982e5b06ed746ac9]
[dcache.neolive.kr/board/b7838b7f79af989766557b969d7a753c889ad8c0.jpg]
[dcache.neolive.kr/board/145c6916a58ac0811f163aafc917290ca99b6b79.png]
[onestore.co.kr/userpoc/apps/GET.html]
[www.pandalive.co.kr/bbs/faq/info/364611/_!-- THUMB_IMAGE --_.html]
[www.pandalive.co.kr/bbs/faq/info/364611/index.html]
[www.pandalive.co.kr/bbs/faq/info/364610/_!-- THUMB_IMAGE --_.html]
[www.pandalive.co.kr/bbs/faq/info/364610/index.html]
[www.pandalive.co.kr/bbs/faq/info/364609/_!-- THUMB_IMAGE --_.html]
[www.pandalive.co.kr/bbs/faq/info/364609/index.html]
[www.pandalive.co.kr/bbs/faq/info/364600/_!-- THUMB_IMAGE --_.html]
[www.pandalive.co.kr/bbs/faq/info/364600/index.html]
[www.pandalive.co.kr/bbs/faq/info/364599/_!-- THUMB_IMAGE --_.html]
[www.pandalive.co.kr/bbs/faq/info/364599/index.html]
[www.pandalive.co.kr/bbs/faq/info/364616/_!-- THUMB_IMAGE --_.html]
[www.pandalive.co.kr/bbs/faq/info/364615/_!-- THUMB_IMAGE --_.html]
[www.pandalive.co.kr/bbs/faq/info/364614/_!-- THUMB_IMAGE --_.html]
[www.pandalive.co.kr/bbs/faq/info/364613/_!-- THUMB_IMAGE --_.html]
[www.pandalive.co.kr/bbs/faq/info/364612/_!-- THUMB_IMAGE --_.html]
[icache.neolive.kr/code_pandatv/event/bjRankEvent1911/result/rank_cover.jpg]
[icache.neolive.kr/code_pandatv/event/bjRankEvent1911/result/rank_title_01.jpg]
[icache.neolive.kr/code_pandatv/event/bjRankEvent1911/result/leaves_01.png]
[icache.neolive.kr/code_pandatv/event/bjRankEvent1911/result/rank_01_01.png]
[icache.neolive.kr/code_pandatv/event/bjRankEvent1911/result/icon_rank1.png]
[icache.neolive.kr/code_pandatv/event/bjRankEvent1911/result/icon_rank2.png]
[icache.neolive.kr/code_pandatv/event/bjRankEvent1911/result/icon_rank3.png]
[icache.neolive.kr/code_pandatv/event/bjRankEvent1911/result/icon_rank4.png]
[icache.neolive.kr/code_pandatv/event/bjRankEvent1911/result/icon_rank5.png]
[icache.neolive.kr/code_pandatv/event/bjRankEvent1911/result/rank_title_02.jpg]
[icache.neolive.kr/code_pandatv/event/bjRankEvent1911/result/leaves_02.png]
[icache.neolive.kr/code_pandatv/event/bjRankEvent1911/result/rank_02_01.png]
[icache.neolive.kr/code_pandatv/event/bjRankEvent1911/result/rank_02_02.png]
[icache.neolive.kr/code_pandatv/event/bjRankEvent1911/result/rank_02_03.png]
[icache.neolive.kr/code_pandatv/event/bjRankEvent1911/result/rank_02_04.png]
[icache.neolive.kr/code_pandatv/event/bjRankEvent1911/result/leaves_03.png]
[icache.neolive.kr/code_pandatv/event/bjRankEvent1911/result/rank_03_01.png]
[icache.neolive.kr/code_pandatv/event/bjRankEvent1911/result/rank_03_02.png]
[www.pandalive.co.kr/eventFrame/bjRankEvent1911_Result.html]
[www.pandalive.co.kr/bbs/faq/info/364611/_!-- THUMB_IMAGE --_.html]
[www.pandalive.co.kr/bbs/faq/info/364610/_!-- THUMB_IMAGE --_.html]
[www.pandalive.co.kr/bbs/faq/info/364609/_!-- THUMB_IMAGE --_.html]
[www.pandalive.co.kr/bbs/faq/info/364600/_!-- THUMB_IMAGE --_.html]
[www.pandalive.co.kr/bbs/faq/info/364599/_!-- THUMB_IMAGE --_.html]
[icache.neolive.kr/code_pandatv/event/bjRankEvent1911/result/rank_bottom.png]
[icache.neolive.kr/code_pandatv/event/helper/helper_webmb_right.png]
[icache.neolive.kr/code_pandatv/common/icon_more2.png]
[dcache.neolive.kr/user/aacb6daaaae1358bf39293460f8a35f97ec3089b/indexd28a.html]
[www.pandalive.co.kr/member/find.html]
[dcache.neolive.kr/user/070eabc254fac00658728f84e578a2823676ae36/indexd28a.html]
[www.pandalive.co.kr/launcher/PANDATV.exe]
[dcache.neolive.kr/user/d76815b86a84f08a078afb4bdec1417ed2378f02/indexd28a.html]
[dcache.neolive.kr/user/3bb5224d47308290e951990cf1305f87afe8f4c5/indexd28a.html]
[dcache.neolive.kr/board/b2d28a96d7af0305906c4793ec05bcdad921712b.png]
[dcache.neolive.kr/board/afd6608ba36e3e288daa17c30434bfd3c0073c11.png]
[icache.neolive.kr/code_pandatv/web/charge/heartNumcnt_img.png]
[icache.neolive.kr/code_pandatv/web/charge/heartcoin_100.png]
[icache.neolive.kr/code_pandatv/web/charge/heartcoin_300.png]
[icache.neolive.kr/code_pandatv/web/charge/heartcoin_500.png]
[icache.neolive.kr/code_pandatv/web/charge/heartcoin_1000.png]
[icache.neolive.kr/code_pandatv/web/charge/heartcoin_2000.png]
[icache.neolive.kr/code_pandatv/web/charge/qm_heartbuy_ico.png]
[www.pandalive.co.kr/channel/5861117/notice/index.html]
[icache.neolive.kr/code_pandatv/web/charge/qm_itembuy_ico.png]
[icache.neolive.kr/code_pandatv/web/guide/pc_guide1_1_1.png]
[icache.neolive.kr/code_pandatv/web/guide/pc_guide1_1_2.png]
[icache.neolive.kr/code_pandatv/web/guide/pc_guide1_1_3.png]
[icache.neolive.kr/code_pandatv/web/guide/pc_guide1_1_4.png]
[icache.neolive.kr/code_pandatv/web/guide/pc_guide1_1_5.png]
[icache.neolive.kr/code_pandatv/web/guide/pc_guide1_1_6.png]
[www.pandalive.co.kr/channel/990314/notice/index.html]
[icache.neolive.kr/code_pandatv/web/guide/pc_guide1_1_7.png]
[icache.neolive.kr/code_pandatv/web/guide/pc_guide1_2_1.png]
[icache.neolive.kr/code_pandatv/web/guide/pc_guide1_2_2.png]
[icache.neolive.kr/code_pandatv/web/guide/pc_guide1_2_3.png]
[icache.neolive.kr/code_pandatv/web/guide/pc_guide1_2_4.png]
[icache.neolive.kr/code_pandatv/web/guide/pc_guide1_2_5.png]
[icache.neolive.kr/code_pandatv/web/guide/pc_guide1_2_6.png]
[icache.neolive.kr/code_pandatv/web/guide/pc_guide1_2_7.png]
[www.pandalive.co.kr/channel/9649319/notice/index.html]
[icache.neolive.kr/code_pandatv/web/guide/pc_guide2_1.png]
[icache.neolive.kr/code_pandatv/web/guide/pc_guide2_2.png]
[icache.neolive.kr/code_pandatv/web/guide/pc_guide2_3.png]
[icache.neolive.kr/code_pandatv/web/guide/pc_guide2_4.png]
[icache.neolive.kr/code_pandatv/web/guide/pc_guide2_5.png]
[icache.neolive.kr/code_pandatv/web/guide/pcplay_guide1_1_1.png]
[www.pandalive.co.kr/channel/4739060/notice/index.html]
[icache.neolive.kr/code_pandatv/web/guide/pcplay_guide1_1_2.png]
[icache.neolive.kr/code_pandatv/web/guide/pcplay_guide1_1_3.png]
[icache.neolive.kr/code_pandatv/web/guide/pcplay_guide1_2_1.png]
[icache.neolive.kr/code_pandatv/web/guide/pcplay_guide1_2_2.png]
[icache.neolive.kr/code_pandatv/web/guide/pcplay_guide1_3_1.png]
[icache.neolive.kr/code_pandatv/web/guide/pc_guide3_1b73c.png]
[icache.neolive.kr/code_pandatv/web/guide/pc_guide3_2b73c.png]
[icache.neolive.kr/code_pandatv/web/guide/pc_guide3_3b73c.png]
[icache.neolive.kr/code_pandatv/web/guide/pc_guide3_4b73c.png]
[www.pandalive.co.kr/bbs/notice/info/402841.html]
[icache.neolive.kr/code_pandatv/web/guide/pc_guide3_5b73c.png]
[icache.neolive.kr/code_pandatv/web/guide/pc_guide3_6b73c.png]
[icache.neolive.kr/code_pandatv/web/guide/pc_guide3_7b73c.png]
[icache.neolive.kr/code_pandatv/web/guide/pc_guide3_9b73c.png]
[icache.neolive.kr/code_pandatv/web/guide/pc_guide3_10b73c.png]
[icache.neolive.kr/code_pandatv/web/guide/pc_guide3_11b73c.png]
[www.pandalive.co.kr/bbs/event/info/287891/index.html]
[icache.neolive.kr/code_pandatv/web/guide/pc_guide3_13b73c.png]
[icache.neolive.kr/code_pandatv/web/guide/pc_guide3_14b73c.png]
[www.pandalive.co.kr/_!-- IMAGE --_.html]
[icache.neolive.kr/code_pandatv/web/guide/pc_guide4_1b73c.png]
[icache.neolive.kr/code_pandatv/web/guide/pc_guide4_2b73c.png]
[icache.neolive.kr/code_pandatv/web/guide/pc_guide4_4b73c.png]
[icache.neolive.kr/code_pandatv/web/guide/pc_guide3_16b73c.png]
[icache.neolive.kr/code_pandatv/web/guide/pc_guide4_5b73c.png]
[icache.neolive.kr/code_pandatv/web/guide/pc_guide4_6b73c.png]
[dcache.neolive.kr/board/23cecb499f24b9b42892b3a9bbb08e0c5291591c.png]
[icache.neolive.kr/code_pandatv/web/member/login_logo.png]
[icache.neolive.kr/code_pandatv/web/member/card.png]
[icache.neolive.kr/code_pandatv/web/member/phone.png]
[icache.neolive.kr/code_pandatv/web/member/ipin.png]
[icache.neolive.kr/code_pandatv/web/rank/view_ic.png]
[icache.neolive.kr/code_pandatv/web/guide/app_guide4_2.png]
[icache.neolive.kr/code_pandatv/web/guide/app_guide4_3.png]
[icache.neolive.kr/code_pandatv/web/guide/app_guide4_1.png]
[icache.neolive.kr/code_pandatv/web/guide/app_guide5_2.png]
[icache.neolive.kr/code_pandatv/web/guide/app_guide5_3.png]
[icache.neolive.kr/code_pandatv/web/guide/appplay_guide1_1_1.png]
[icache.neolive.kr/code_pandatv/web/guide/appplay_guide1_2_1.png]
[icache.neolive.kr/code_pandatv/web/guide/appplay_guide1_2_2.png]
[icache.neolive.kr/code_pandatv/web/guide/appplay_guide1_1_2.png]
[icache.neolive.kr/code_pandatv/web/channel/heart_count_ico.png]
[dcache.neolive.kr/heart/w/149d2.png]
[icache.neolive.kr/code_pandatv/web/guide/appplay_guide1_3_1.png]
[icache.neolive.kr/code_pandatv/web/guide/app_guide5_1.png]
[dcache.neolive.kr/heart/w/240ac.png]
[dcache.neolive.kr/heart/w/36d41.png]
[dcache.neolive.kr/heart/w/499b0.png]
[dcache.neolive.kr/heart/w/72610.png]
[dcache.neolive.kr/heart/w/10f4cd.png]
[dcache.neolive.kr/heart/w/8ab14.png]
[dcache.neolive.kr/heart/w/91bb7.png]
[dcache.neolive.kr/heart/w/11bcec.png]
[dcache.neolive.kr/heart/w/12b7ab.png]
[dcache.neolive.kr/heart/w/142d28.png]
[dcache.neolive.kr/heart/w/15c84e.png]
[dcache.neolive.kr/heart/w/13ff44.png]
[dcache.neolive.kr/heart/w/188d76.png]
[dcache.neolive.kr/heart/w/1960e6.png]
[dcache.neolive.kr/heart/w/20d55c.png]
[dcache.neolive.kr/heart/w/21bdd9.png]
[dcache.neolive.kr/heart/w/22cd7e.png]
[icache.neolive.kr/code_pandatv/web/channel/logo.png]
[icache.neolive.kr/code_pandatv/common/bn_send_message_on.png]
[dcache.neolive.kr/user/aacb6daaaae1358bf39293460f8a35f97ec3089b.jpg]
[icache.neolive.kr/code_pandatv/web/channel/coupon_bar.png]
[dcache.neolive.kr/board/a1a1f4d102a75d37fa49387940b02d692ca464e0.jpg]
[dcache.neolive.kr/board/79e6662b99585611082e95e07c905169476565eb.jpg]
[dcache.neolive.kr/board/e2bff7a62c96a8a4df2d90fcacc9297292a513b4.jpg]
[dcache.neolive.kr/user/070eabc254fac00658728f84e578a2823676ae36.jpg]
[dcache.neolive.kr/user/d76815b86a84f08a078afb4bdec1417ed2378f02.jpg]
[dcache.neolive.kr/user/3bb5224d47308290e951990cf1305f87afe8f4c5.jpg]
[dcache.neolive.kr/board/f9ca6d33b13e9bac6ef455c55702c7865000046e.jpg]
[dcache.neolive.kr/board/19fe516c0cc20cd23fa56b8a3b9be5691a907f91.png]
[dcache.neolive.kr/board/192cab977ae80d4b4577713fc3ceff4d63f12d88.png]
[dcache.neolive.kr/board/4d5f80e0cc712cc16246240640aaacd9d936d3af.jpg]
[data.full.co.kr/board/83607d2fedae38681a80e957ef14f4573c966e21_1080_0.jpg]
[icache.neolive.kr/code_pandatv/common/item/onceCoin/onceCoin282.gif]
[data.full.co.kr/board/1e8adcfdd3a3a2c9a3010fa274ceea7736a49024_1080_0.png]
[icache.neolive.kr/code_pandatv/common/item/onceCoin/onceCoin282_cover.png]
[dcache.neolive.kr/board/007a24930289ce1313263e83fee7c3cada5de2ee.jpg]
[icache.neolive.kr/code_pandatv/common/item/onceCoin/onceCoin486.gif]
[icache.neolive.kr/code_pandatv/common/item/onceCoin/onceCoin486_cover.png]
[icache.neolive.kr/code_pandatv/common/item/onceCoin/onceCoin1000.gif]
[www.pandalive.co.kr/bbs/event877a.html]
[icache.neolive.kr/code_pandatv/common/item/onceCoin/onceCoin1000_cover.png]
[icache.neolive.kr/code_pandatv/common/item/onceCoin/onceCoin2000.gif]
[icache.neolive.kr/code_pandatv/common/item/onceCoin/onceCoin2000_cover.png]
[www.pandalive.co.kr/member/adultAuth/adult_icon.html]
[icache.neolive.kr/code_pandatv/common/item/onceCoin/onceCoin2828_cover.png]
[icache.neolive.kr/code_pandatv/common/item/onceCoin/onceCoin3000_cover.png]
[icache.neolive.kr/code_pandatv/common/item/onceCoin/onceCoin5000_cover.png]
[www.pandalive.co.kr/live/_!-- THUMB --_.html]
[icache.neolive.kr/code_pandatv/common/item/preview/list_Decostyle_01.png]
[icache.neolive.kr/code_pandatv/web/charge/comingsoon.png]
[icache.neolive.kr/code_pandatv/common/item/preview/list_Decostyle_02.png]
[icache.neolive.kr/code_pandatv/common/item/preview/list_Decostyle_03.png]
[icache.neolive.kr/code_pandatv/common/item/preview/list_Decostyle_04.png]
[icache.neolive.kr/code_pandatv/common/item/preview/list_Decostyle_06.png]
[icache.neolive.kr/code_pandatv/common/item/preview/list_Decostyle_05.png]
[icache.neolive.kr/code_pandatv/common/item/preview/nick_Basicstyle_01.png]
[icache.neolive.kr/code_pandatv/common/item/preview/nick_Basicstyle_02.png]
[icache.neolive.kr/code_pandatv/common/item/preview/nick_Basicstyle_04.png]
[icache.neolive.kr/code_pandatv/common/item/preview/nick_Basicstyle_05.png]
[icache.neolive.kr/code_pandatv/common/item/preview/nick_Basicstyle_03.png]
[icache.neolive.kr/code_pandatv/common/item/preview/nick_Basicstyle_06.png]
[icache.neolive.kr/code_pandatv/common/item/preview/nick_Basicstyle_07.png]
[icache.neolive.kr/code_pandatv/common/item/preview/nick_Basicstyle_08.png]
[icache.neolive.kr/code_pandatv/common/item/preview/nick_Basicstyle_09.png]
[icache.neolive.kr/code_pandatv/common/item/preview/nick_Basicstyle_11.png]
[icache.neolive.kr/code_pandatv/common/item/preview/nick_Basicstyle_12.png]
[www.pandalive.co.kr/guide/emoticon37f2.html]
[icache.neolive.kr/code_pandatv/common/item/preview/nick_Basicstyle_10.png]
[icache.neolive.kr/code_pandatv/common/item/preview/nick_Basicstyle_13.png]
[icache.neolive.kr/code_pandatv/common/item/preview/nick_Basicstyle_14.png]
[dcache.neolive.kr/heart/w/53ee7]
[dcache.neolive.kr/heart/w/53ee7]
[icache.neolive.kr/code_pandatv/common/item/preview/nick_Basicstyle_15.png]
[icache.neolive.kr/code_pandatv/common/item/preview/nick_Basicstyle_16.png]
[icache.neolive.kr/code_pandatv/common/item/preview/nick_Basicstyle_17.png]
[www.pandalive.co.kr/live/_!-- IMAGE --_.html]
[icache.neolive.kr/code_pandatv/common/item/preview/nick_Basicstyle_18.png]
[icache.neolive.kr/code_pandatv/common/item/preview/nick_Iconstyle_02.png]
[icache.neolive.kr/code_pandatv/common/item/preview/nick_Iconstyle_03.png]
[icache.neolive.kr/code_pandatv/common/item/preview/nick_Iconstyle_04.png]
[icache.neolive.kr/code_pandatv/common/item/preview/nick_Iconstyle_01.png]
[www.pandalive.co.kr/channel/5861117/fanRanking.html]
[icache.neolive.kr/code_pandatv/common/item/preview/nick_Iconstyle_05.png]
[icache.neolive.kr/code_pandatv/common/item/preview/nick_Iconstyle_06.png]
[icache.neolive.kr/code_pandatv/common/item/preview/nick_Iconstyle_07.png]
[icache.neolive.kr/code_pandatv/common/item/preview/nick_Iconstyle_09.png]
[icache.neolive.kr/code_pandatv/common/item/preview/nick_Iconstyle_10.png]
[www.pandalive.co.kr/channel/990314/fanRanking.html]
[icache.neolive.kr/code_pandatv/common/item/preview/nick_Iconstyle_08.png]
[icache.neolive.kr/code_pandatv/common/item/preview/nick_Iconstyle_11.png]
[icache.neolive.kr/code_pandatv/common/item/preview/nick_Iconstyle_12.png]
[icache.neolive.kr/code_pandatv/common/item/preview/nick_Iconstyle_13.png]
[icache.neolive.kr/code_pandatv/common/item/preview/nick_Iconstyle_14.png]
[icache.neolive.kr/code_pandatv/common/item/preview/nick_Iconstyle_15.png]
[www.pandalive.co.kr/channel/9649319/fanRanking.html]
[icache.neolive.kr/code_pandatv/common/item/preview/nick_Iconstyle_16.png]
[icache.neolive.kr/code_pandatv/common/item/preview/nick_Iconstyle_17.png]
[icache.neolive.kr/code_pandatv/common/item/preview/nick_Iconstyle_18.png]
[data.full.co.kr/board/1e7467da932188c61329a0f595648cb4c5844f1e_1080_0.jpg]
[dcache.neolive.kr/board/69d2020224671bb516309ef631a7c4019beaafc7.png]
[dcache.neolive.kr/board/1a4e3fa6be9f7188d3ac79655e664043564874d7.png]
[www.pandalive.co.kr/channel/4739060/fanRanking.html]
[dcache.neolive.kr/heart/w/67e17]
[dcache.neolive.kr/board/f7e252a771b31643a7deafa50d848ef79e04f542]
[dcache.neolive.kr/heart/w/53ee7]
[dcache.neolive.kr/board/8d858a131bc449e27436ecddaf459843c671879a]
[dcache.neolive.kr/board/f7e252a771b31643a7deafa50d848ef79e04f542]
[dcache.neolive.kr/board/f20ebd470bc27e78515b8283f182d1882beb7a8d]
[dcache.neolive.kr/board/f7e252a771b31643a7deafa50d848ef79e04f542]
[dcache.neolive.kr/board/23756c73d98ca56dc0ccbdc9982e5b06ed746ac9]
[img.onestore.co.kr/thumbnails/img_sac/300_300_F10_95/data6/android/201910/30/SE201905231141386710042762/0000740952/img/original/0000740952_DP000101_20191030141756.jpg]
[onestore.co.kr/userpoc/resources/favicon.ico]
[img.onestore.co.kr/thumbnails/img_sac/80_80_F10_95/data6/android/201906/07/SE201906051134332240043403/0000740953/img/original/0000740953_DP000101_20190607180906.png]
[icache.neolive.kr/code_pandatv/event/bjRankEvent1912/rank_top.png]
[icache.neolive.kr/code_pandatv/event/bjRankEvent1912/rank_all_mid1.png]
[icache.neolive.kr/code_pandatv/event/bjRankEvent1912/rank_all_mid2.png]
[icache.neolive.kr/code_pandatv/event/bjRankEvent1912/rank_all_mid3.png]
[icache.neolive.kr/code_pandatv/event/bjRankEvent1912/icon_rank1.png]
[icache.neolive.kr/code_pandatv/event/bjRankEvent1912/icon_rank2.png]
[icache.neolive.kr/code_pandatv/event/bjRankEvent1912/icon_rank3.png]
[icache.neolive.kr/code_pandatv/event/bjRankEvent1912/rank_all_btm.png]
[icache.neolive.kr/code_pandatv/event/bjRankEvent1912/rank_view_mid1.png]
[icache.neolive.kr/code_pandatv/event/bjRankEvent1912/rank_view_mid2.png]
[icache.neolive.kr/code_pandatv/event/bjRankEvent1912/rank_view_btm.png]
[icache.neolive.kr/code_pandatv/event/bjRankEvent1911/result/rank_cover.jpg]
[dcache.neolive.kr/board/c36a4cba7685db2545c42f3ad515e87cc5ce7ee3]
[icache.neolive.kr/code_pandatv/event/bjRankEvent1911/result/rank_title_01.jpg]
[icache.neolive.kr/code_pandatv/event/bjRankEvent1911/result/leaves_01.png]
[icache.neolive.kr/code_pandatv/event/bjRankEvent1911/result/rank_01_01.png]
[icache.neolive.kr/code_pandatv/event/bjRankEvent1911/result/icon_rank1.png]
[icache.neolive.kr/code_pandatv/event/bjRankEvent1911/result/icon_rank2.png]
[icache.neolive.kr/code_pandatv/event/bjRankEvent1911/result/icon_rank3.png]
[icache.neolive.kr/code_pandatv/event/bjRankEvent1911/result/icon_rank4.png]
[icache.neolive.kr/code_pandatv/event/bjRankEvent1911/result/icon_rank5.png]
[icache.neolive.kr/code_pandatv/event/bjRankEvent1911/result/rank_title_02.jpg]
[icache.neolive.kr/code_pandatv/event/bjRankEvent1911/result/leaves_02.png]
[icache.neolive.kr/code_pandatv/event/bjRankEvent1911/result/rank_02_01.png]
[icache.neolive.kr/code_pandatv/event/bjRankEvent1911/result/rank_02_02.png]
[icache.neolive.kr/code_pandatv/event/bjRankEvent1911/result/rank_02_03.png]
[icache.neolive.kr/code_pandatv/event/bjRankEvent1911/result/rank_02_04.png]
[icache.neolive.kr/code_pandatv/event/bjRankEvent1911/result/leaves_03.png]
[icache.neolive.kr/code_pandatv/event/bjRankEvent1911/result/rank_03_01.png]
[icache.neolive.kr/code_pandatv/event/bjRankEvent1911/result/rank_03_02.png]
[icache.neolive.kr/code_pandatv/event/bjRankEvent1911/result/rank_bottom.png]
[icache.neolive.kr/code_pandatv/web/guide/pc_guide3_8b73c.png]
[icache.neolive.kr/code_pandatv/web/guide/pc_guide3_12b73c.png]
[icache.neolive.kr/code_pandatv/web/guide/pc_guide3_17b73c.png]
[icache.neolive.kr/code_pandatv/web/guide/pc_guide4_3b73c.png]
[dcache.neolive.kr/board/b7838b7f79af989766557b969d7a753c889ad8c0.jpg]
[www.pandalive.co.kr/eventFrame/bjRankEvent1912.html]
[icache.neolive.kr/code_pandatv/common/item/onceCoin/onceCoin2828.gif]
[icache.neolive.kr/code_pandatv/common/item/onceCoin/onceCoin5000.gif]
[icache.neolive.kr/code_pandatv/common/item/onceCoin/onceCoin10000.gif]
[icache.neolive.kr/code_pandatv/common/item/onceCoin/onceCoin3000.gif]
[www.pandalive.co.kr/bbs/faq3f43.html]
[www.pandalive.co.kr/bbs/event/info/383331/index.html]
[icache.neolive.kr/code_pandatv/common/item/onceCoin/onceCoin10000_cover.png]
[dcache.neolive.kr/board/c36a4cba7685db2545c42f3ad515e87cc5ce7ee3]
[www.pandalive.co.kr/channel/5861117/fanRanking/index.html]
[www.pandalive.co.kr/channel/9649319/fanRanking/index.html]
[www.pandalive.co.kr/channel/4739060/fanRanking/index.html]
[dcache.neolive.kr/board/23756c73d98ca56dc0ccbdc9982e5b06ed746ac9]
[onestore.co.kr/userpoc/resources/css/fonts/SKPGoM.eot]
[onestore.co.kr/userpoc/resources/css/fonts/SKPGoMd41d.eot]
[onestore.co.kr/userpoc/resources/css/fonts/SKPGoM.ttf]
[onestore.co.kr/userpoc/resources/css/fonts/SKPGoM.woff]
[onestore.co.kr/userpoc/resources/img/common/bg_body.png]
[onestore.co.kr/userpoc/resources/css/fonts/SKPGoM.eot]
[onestore.co.kr/userpoc/resources/css/fonts/SKPGoMd41d.eot]
[onestore.co.kr/userpoc/resources/img/common/bull_line1x11.png]
[onestore.co.kr/userpoc/resources/img/common/icon_address_off.png]
[onestore.co.kr/userpoc/resources/css/fonts/SKPGoM.woff]
[onestore.co.kr/userpoc/resources/css/fonts/SKPGoM.ttf]
[onestore.co.kr/userpoc/resources/img/common/icon_address_on.png]
[onestore.co.kr/userpoc/resources/img/common/bg_foot_line.gif]
[onestore.co.kr/userpoc/resources/css/default.css]
[onestore.co.kr/userpoc/resources/img/common/bg_search.png]
[onestore.co.kr/userpoc/resources/img/common/btn/btn_prevnext_off.png]
[onestore.co.kr/userpoc/resources/img/common/bul/bul_arr3x5.png]
[onestore.co.kr/userpoc/resources/img/star01_off.png]
[onestore.co.kr/userpoc/resources/img/star01_on.png]
[onestore.co.kr/userpoc/resources/img/common/bul/bul_line2x9.png]
[onestore.co.kr/userpoc/resources/img/common/bg_artistlist.jpg]
[onestore.co.kr/userpoc/resources/img/common/bul/bul_slash6x11.png]
[onestore.co.kr/userpoc/resources/img/common/icon/icon_reply.png]
[onestore.co.kr/userpoc/resources/img/common/btn/btn_pagingprev_off.png]
[onestore.co.kr/userpoc/resources/img/common/btn/btn_pagingprev_on.png]
[onestore.co.kr/userpoc/resources/img/common/btn/btn_pagingnext_off.png]
[onestore.co.kr/userpoc/resources/img/common/btn/btn_pagingnext_on.png]
[onestore.co.kr/userpoc/resources/img/common/bg_pagel.png]
[onestore.co.kr/userpoc/resources/img/common/bg_pager.png]
[onestore.co.kr/userpoc/resources/img/common/bul/bul_line1x10.png]
[onestore.co.kr/userpoc/resources/img/common/bg_search.gif]
[onestore.co.kr/userpoc/resources/img/common/bg_layers.gif]
[onestore.co.kr/userpoc/resources/img/common/txt_search.gif]
[onestore.co.kr/userpoc/resources/img/common/icon/icon_selected.gif]
[onestore.co.kr/userpoc/resources/img/common/tab_off.png]
[onestore.co.kr/userpoc/resources/img/common/tab_on.png]
[onestore.co.kr/userpoc/resources/img/common/tab_con2new_off.gif]
[onestore.co.kr/userpoc/resources/img/common/tab_con2new_on.gif]
[onestore.co.kr/userpoc/resources/img/common/tab_con1new_off.gif]
[onestore.co.kr/userpoc/resources/img/common/tab_con1new_on.gif]
[onestore.co.kr/userpoc/resources/img/common/tab_con4_off.gif]
[onestore.co.kr/userpoc/resources/img/common/tab_con4_on.gif]
[onestore.co.kr/userpoc/resources/img/common/tab_con3_off.gif]
[onestore.co.kr/userpoc/resources/img/common/tab_con3_on.gif]
[onestore.co.kr/userpoc/resources/img/common/tab_con5_off.gif]
[onestore.co.kr/userpoc/resources/img/common/tab_con5_on.gif]
[onestore.co.kr/userpoc/resources/img/common/tab_event2_off.gif]
[onestore.co.kr/userpoc/resources/img/common/tab_event2_on.gif]
[onestore.co.kr/userpoc/resources/img/common/tab_event1_off.gif]
[onestore.co.kr/userpoc/resources/img/common/tab_event1_on.gif]
[onestore.co.kr/userpoc/resources/img/common/bg_select.png]
[onestore.co.kr/userpoc/resources/img/common/icon/ico_select_arrow.png]
[onestore.co.kr/userpoc/resources/img/common/bg_select2.png]
[onestore.co.kr/userpoc/resources/img/common/icon/ico_select_arrow2.png]
[onestore.co.kr/userpoc/resources/img/common/bul/bul_line1x11.png]
[onestore.co.kr/userpoc/resources/img/common/bg_select_btn.png]
[onestore.co.kr/userpoc/resources/img/common/mask73x73onover.png]
[onestore.co.kr/userpoc/resources/img/bg_fake.png]
[onestore.co.kr/userpoc/resources/img/common/bg_searchLine.gif]
[onestore.co.kr/userpoc/resources/img/common/bg_searchRound.gif]
[onestore.co.kr/userpoc/resources/img/txt_cs_input01.gif]
[onestore.co.kr/userpoc/resources/img/txt_cs_input02.gif]
[onestore.co.kr/userpoc/resources/img/common/bul/bul_line1x11.gif]
[onestore.co.kr/userpoc/resources/img/common/icon/ico_faq_arrow.gif]
[onestore.co.kr/userpoc/resources/img/common/bg_input_txt.png]
[onestore.co.kr/userpoc/resources/img/txt_cs_input03.gif]
[onestore.co.kr/userpoc/resources/img/txt_cs_input04.gif]
[onestore.co.kr/userpoc/resources/img/common/bg_txtLine.gif]
[onestore.co.kr/userpoc/resources/img/common/icon/ico_files.png]
[onestore.co.kr/userpoc/resources/img/common/bul/bull_next.png]
[onestore.co.kr/userpoc/resources/img/common/bul/bull_pre.png]
[onestore.co.kr/userpoc/resources/img/common/tab_operGuide1.gif]
[onestore.co.kr/userpoc/resources/img/common/tab_operGuide2.gif]
[onestore.co.kr/userpoc/resources/img/common/tab_operGuide3.gif]
[onestore.co.kr/userpoc/resources/img/common/bul/bul_sitemap.gif]
[onestore.co.kr/userpoc/resources/img/common/tab_sch2_off.png]
[onestore.co.kr/userpoc/resources/img/common/tab_sch2_on.png]
[onestore.co.kr/userpoc/resources/img/common/tab_sch1_off.png]
[onestore.co.kr/userpoc/resources/img/common/tab_sch1_on.png]
[onestore.co.kr/userpoc/resources/img/common/tab_sch3_off.png]
[onestore.co.kr/userpoc/resources/img/common/tab_sch3_on.png]
[onestore.co.kr/userpoc/resources/img/common/bul/bul_arrow5x10.png]
[onestore.co.kr/userpoc/resources/img/common/tab_last.png]
[onestore.co.kr/userpoc/resources/img/common/bg_select2sch.png]
[onestore.co.kr/userpoc/resources/img/common/icon/ico_select_arrow2sch.png]
[onestore.co.kr/userpoc/resources/css/common.css]
[onestore.co.kr/userpoc/resources/css/smartPop.css]
[onestore.co.kr/userpoc/resources/css/pageingTemplate.css]
[onestore.co.kr/userpoc/resources/img/popup/bullet02.png]
[onestore.co.kr/userpoc/resources/img/popup/bg_search2.gif]
[onestore.co.kr/userpoc/resources/img/popup/bg_search2_r.gif]
[onestore.co.kr/userpoc/resources/img/popup/bg_drm1.gif]
[onestore.co.kr/userpoc/resources/img/popup/bg_drm3.gif]
[onestore.co.kr/userpoc/resources/img/popup/bg_drm2.gif]
[onestore.co.kr/userpoc/resources/img/popup/table_dot.gif]
[onestore.co.kr/userpoc/resources/img/popup/bg_result.png]
[onestore.co.kr/userpoc/resources/img/popup/bg_result2.png]
[onestore.co.kr/userpoc/resources/img/popup/bg_search.gif]
[onestore.co.kr/userpoc/resources/img/popup/bg_select2.png]
[onestore.co.kr/userpoc/resources/img/common/icon/ico_select_arrow4.png]
[onestore.co.kr/userpoc/resources/img/popup/bg_select3.png]
[onestore.co.kr/userpoc/resources/img/popup/bg_select4.png]
[onestore.co.kr/userpoc/resources/img/popup/title_bg_left_vi.png]
[onestore.co.kr/userpoc/resources/img/popup/title_bg_right_vi.png]
[onestore.co.kr/userpoc/resources/img/popup/title_bg_left_yellow.png]
[onestore.co.kr/userpoc/resources/img/popup/title_bg_right_yellow.png]
[onestore.co.kr/userpoc/resources/img/popup/title_bg_left_green.png]
[onestore.co.kr/userpoc/resources/img/popup/title_bg_right_green.png]
[onestore.co.kr/userpoc/resources/img/popup/title_bg_left_blue.png]
[onestore.co.kr/userpoc/resources/img/popup/title_bg_right_blue.png]
[onestore.co.kr/userpoc/resources/img/popup/title_bg_left_red.png]
[onestore.co.kr/userpoc/resources/img/popup/title_bg_right_red.png]
[onestore.co.kr/userpoc/resources/img/popup/bg_search3.gif]
[onestore.co.kr/userpoc/resources/img/popup/bg_search4.gif]
[onestore.co.kr/userpoc/resources/img/popup/check_out.png]
[onestore.co.kr/userpoc/resources/img/popup/check_in.png]
[onestore.co.kr/userpoc/resources/img/popup/pop_bottom_g.png]
[onestore.co.kr/userpoc/resources/img/popup/pop_bottom_w.png]
[onestore.co.kr/userpoc/resources/img/popup/bottom_bg_left_gray.png]
[onestore.co.kr/userpoc/resources/img/popup/bottom_bg_right_gray.png]
[onestore.co.kr/userpoc/resources/img/popup/bottom_bg_left_white.png]
[onestore.co.kr/userpoc/resources/img/popup/bottom_bg_right_white.png]
[onestore.co.kr/userpoc/resources/img/popup/btn_closepop02.gif]
[onestore.co.kr/userpoc/resources/img/popup/pop_pwc.png]
[onestore.co.kr/userpoc/resources/img/popup/bg_perdevice.gif]
[onestore.co.kr/userpoc/resources/img/popup/pop_pwc2.png]
[onestore.co.kr/userpoc/resources/css/popup.css]
[onestore.co.kr/userpoc/resources/css/facebook.css]
[onestore.co.kr/userpoc/resources/img/common/btn/btn_scroll_top.gif]
[onestore.co.kr/userpoc/resources/img/common/btn/btn_scroll_bottom.gif]
[onestore.co.kr/userpoc/resources/img/common/btn/btn_scroll_left.gif]
[onestore.co.kr/userpoc/resources/img/common/btn/btn_scroll_right.gif]
[onestore.co.kr/userpoc/resources/css/jquery.jscrollpane.css]
[www.googletagmanager.com/gtm5445.html]
[www.pandalive.co.kr/bbs/faq/info/364611/index.html]
[dcache.neolive.kr/board/d1779a247e82ff96cae9c5f8a2c2020cea9e812d.jpg]
[icache.neolive.kr/code_pandatv/web/guide/pc_guide3_15b73c.png]
